2026-08-07 13:32:47.002 | detector | [96m[13:32:47][0m [Cameras] with detector: 1
2026-08-07 13:33:38.249 | detector | [96m[13:33:38][0m 🤖 AI + MOG2 [HOME] Детектор запущен (порог: 10.0%)
2026-08-07 13:33:38.280 | detector | [96m[13:33:38][0m [Detectors] Active: 1
2026-08-07 13:33:38.280 | detector | [Running] Working... (Ctrl+C to exit)
2026-08-07 13:33:38.749 | detector | [96m[13:33:38][0m 🔥 [HOME] Прогрев: 5/25
2026-08-07 13:33:39.070 | detector | [96m[13:33:39][0m 🔥 [HOME] Прогрев: 10/25
2026-08-07 13:33:39.429 | detector | [96m[13:33:39][0m 🔥 [HOME] Прогрев: 15/25
2026-08-07 13:33:39.793 | detector | [96m[13:33:39][0m 🔥 [HOME] Прогрев: 20/25
2026-08-07 13:33:40.134 | detector | [96m[13:33:40][0m 🔥 [HOME] Прогрев: 25/25
2026-08-07 13:33:41.378 | detector | [96m[13:33:41][0m [90m👁️ [HOME] MOG2: 2.0% (порог: 10.0%)[0m
2026-08-07 13:33:41.966 | detector | [96m[13:33:41][0m [90m👁️ [HOME] MOG2: 3.0% (порог: 10.0%)[0m
2026-08-07 13:34:13.217 | detector | [96m[13:34:13][0m ⚠️ [HOME] Пропущен битый кадр (1/10)
2026-08-07 13:34:13.269 | detector | [96m[13:34:13][0m ⚠️ [HOME] Пропущен битый кадр (2/10)
2026-08-07 13:34:13.321 | detector | [96m[13:34:13][0m ⚠️ [HOME] Пропущен битый кадр (3/10)
2026-08-07 13:34:13.373 | detector | [96m[13:34:13][0m ⚠️ [HOME] Пропущен битый кадр (4/10)
2026-08-07 13:34:13.425 | detector | [96m[13:34:13][0m ⚠️ [HOME] Пропущен битый кадр (5/10)
2026-08-07 13:34:13.477 | detector | [96m[13:34:13][0m ⚠️ [HOME] Пропущен битый кадр (6/10)
2026-08-07 13:34:13.529 | detector | [96m[13:34:13][0m ⚠️ [HOME] Пропущен битый кадр (7/10)
2026-08-07 13:34:13.581 | detector | [96m[13:34:13][0m ⚠️ [HOME] Пропущен битый кадр (8/10)
2026-08-07 13:34:13.633 | detector | [96m[13:34:13][0m ⚠️ [HOME] Пропущен битый кадр (9/10)
2026-08-07 13:34:13.685 | detector | [96m[13:34:13][0m ⚠️ [HOME] Пропущен битый кадр (10/10)
2026-08-07 13:34:13.687 | detector | [96m[13:34:13][0m 🔴 [HOME] Слишком много битых кадров! Переподключаюсь...
2026-08-07 13:34:16.615 | detector | [96m[13:34:16][0m 🤖 AI + MOG2 [HOME] Детектор запущен (порог: 10.0%)
2026-08-07 13:34:17.023 | detector | [96m[13:34:17][0m 🔥 [HOME] Прогрев: 5/25
2026-08-07 13:34:17.390 | detector | [96m[13:34:17][0m 🔥 [HOME] Прогрев: 10/25
2026-08-07 13:34:17.752 | detector | [96m[13:34:17][0m 🔥 [HOME] Прогрев: 15/25
2026-08-07 13:34:18.123 | detector | [96m[13:34:18][0m 🔥 [HOME] Прогрев: 20/25
2026-08-07 13:34:18.503 | detector | [96m[13:34:18][0m 🔥 [HOME] Прогрев: 25/25
2026-08-07 13:34:19.118 | detector | [96m[13:34:19][0m [90m👁️ [HOME] MOG2: 2.2% (порог: 10.0%)[0m
2026-08-07 13:34:19.623 | detector | [96m[13:34:19][0m [90m👁️ [HOME] MOG2: 2.1% (порог: 10.0%)[0m
2026-08-07 13:34:20.145 | detector | [96m[13:34:20][0m [90m👁️ [HOME] MOG2: 2.0% (порог: 10.0%)[0m
2026-08-07 13:34:20.655 | detector | [96m[13:34:20][0m [90m👁️ [HOME] MOG2: 2.1% (порог: 10.0%)[0m
2026-08-07 13:34:33.385 | detector | [96m[13:34:33][0m [90m👁️ [HOME] MOG2: 2.7% (порог: 10.0%)[0m
2026-08-07 13:34:35.813 | detector | [96m[13:34:35][0m [90m👁️ [HOME] MOG2: 2.0% (порог: 10.0%)[0m
2026-08-07 13:34:36.329 | detector | [96m[13:34:36][0m [90m👁️ [HOME] MOG2: 2.8% (порог: 10.0%)[0m
2026-08-07 13:34:36.908 | detector | [96m[13:34:36][0m [90m👁️ [HOME] MOG2: 4.6% (порог: 10.0%)[0m
2026-08-07 13:34:37.509 | detector | [96m[13:34:37][0m [93m📊 [HOME] MOG2: 17.2% (ПРЕВЫШЕН! 10.0%)[0m
2026-08-07 13:34:39.384 | detector | [96m[13:34:39][0m [93m📊 [HOME] MOG2: 18.4% (ПРЕВЫШЕН! 10.0%)[0m
2026-08-07 13:34:40.941 | detector | [96m[13:34:40][0m [91m[1m🤖 [HOME] AI ТРЕВОГА! 👤 x1 (19.0%)[0m
2026-08-07 13:34:40.953 | detector | [96m[13:34:40][0m [94m🔴 [HOME] Старт записи! (MQTT: OK)[0m
2026-08-07 13:34:41.553 | detector | [96m[13:34:41][0m [93m📊 [HOME] MOG2: 17.9% (ПРЕВЫШЕН! 10.0%)[0m
2026-08-07 13:34:42.806 | detector | [96m[13:34:42][0m [93m📊 [HOME] MOG2: 18.1% (ПРЕВЫШЕН! 10.0%)[0m
2026-08-07 13:34:43.938 | detector | [96m[13:34:43][0m [93m🎯 [HOME] Обновление рамок: 👤 x1[0m
2026-08-07 13:34:44.014 | detector | [96m[13:34:44][0m [93m📊 [HOME] MOG2: 17.9% (ПРЕВЫШЕН! 10.0%)[0m
2026-08-07 13:34:45.167 | detector | [96m[13:34:45][0m [93m🎯 [HOME] Обновление рамок: 👤 x1[0m
2026-08-07 13:34:45.237 | detector | [96m[13:34:45][0m [93m📊 [HOME] MOG2: 17.8% (ПРЕВЫШЕН! 10.0%)[0m
2026-08-07 13:34:45.314 | detector | [96m[13:34:45][0m [96m⏳ [HOME] Нет движения. Жду 4.0 сек...[0m
2026-08-07 13:34:49.328 | detector | [96m[13:34:49][0m [94m📦 [HOME] JSON сохранён[0m
2026-08-07 13:34:49.348 | detector | [96m[13:34:49][0m [92m🟢 [HOME] Запись остановлена[0m
2026-08-07 13:34:56.649 | detector | [96m[13:34:56][0m [90m👁️ [HOME] MOG2: 2.2% (порог: 10.0%)[0m
2026-08-07 13:36:28.430 | detector | [96m[13:36:28][0m [Cameras] with detector: 1
2026-08-07 13:36:52.369 | detector | [96m[13:36:52][0m [Cameras] with detector: 1
2026-08-07 14:12:17.465 | detector | [96m[14:12:17][0m [Cameras] with detector: 1
2026-08-07 14:12:17.467 | detector | [96m[14:12:17][0m 🎯 [HOME] Загружено зон: 1
2026-08-07 14:12:25.563 | detector | [96m[14:12:25][0m 🤖 [HOME] Загружаю YOLOv8n...
2026-08-07 14:12:25.766 | detector | [96m[14:12:25][0m ✅ [HOME] YOLOv8n загружен! Классы: [0]
2026-08-07 14:12:28.629 | detector | [96m[14:12:28][0m 🤖 AI + MOG2 [HOME] Детектор запущен (порог: 10.0%)
2026-08-07 14:12:28.638 | detector | [96m[14:12:28][0m [Detectors] Active: 1
2026-08-07 14:12:28.639 | detector | [Running] Working... (Ctrl+C to exit)
2026-08-07 14:12:28.992 | detector | [96m[14:12:28][0m 🔥 [HOME] Прогрев: 5/25
2026-08-07 14:12:29.357 | detector | [96m[14:12:29][0m 🔥 [HOME] Прогрев: 10/25
2026-08-07 14:12:29.729 | detector | [96m[14:12:29][0m 🔥 [HOME] Прогрев: 15/25
2026-08-07 14:12:30.074 | detector | [96m[14:12:30][0m 🔥 [HOME] Прогрев: 20/25
2026-08-07 14:12:30.410 | detector | [96m[14:12:30][0m 🔥 [HOME] Прогрев: 25/25
2026-08-07 14:12:31.046 | detector | [96m[14:12:31][0m [90m👁️ [HOME] MOG2: 2.1% (порог: 10.0%)[0m
2026-08-07 14:12:31.644 | detector | [96m[14:12:31][0m [90m👁️ [HOME] MOG2: 2.0% (порог: 10.0%)[0m
2026-08-07 14:12:45.974 | detector | [96m[14:12:45][0m [90m👁️ [HOME] MOG2: 2.1% (порог: 10.0%)[0m
2026-08-07 14:13:02.243 | detector | [96m[14:13:02][0m [90m👁️ [HOME] MOG2: 3.2% (порог: 10.0%)[0m
2026-08-07 14:13:02.744 | detector | [96m[14:13:02][0m [90m👁️ [HOME] MOG2: 2.6% (порог: 10.0%)[0m
2026-08-07 14:13:02.797 | detector | [96m[14:13:02][0m ⚠️ [HOME] Пропущен битый кадр (1/10)
2026-08-07 14:13:02.850 | detector | [96m[14:13:02][0m ⚠️ [HOME] Пропущен битый кадр (2/10)
2026-08-07 14:13:02.902 | detector | [96m[14:13:02][0m ⚠️ [HOME] Пропущен битый кадр (3/10)
2026-08-07 14:13:02.954 | detector | [96m[14:13:02][0m ⚠️ [HOME] Пропущен битый кадр (4/10)
2026-08-07 14:13:03.006 | detector | [96m[14:13:03][0m ⚠️ [HOME] Пропущен битый кадр (5/10)
2026-08-07 14:13:03.064 | detector | [96m[14:13:03][0m ⚠️ [HOME] Пропущен битый кадр (6/10)
2026-08-07 14:13:03.115 | detector | [96m[14:13:03][0m ⚠️ [HOME] Пропущен битый кадр (7/10)
2026-08-07 14:13:03.167 | detector | [96m[14:13:03][0m ⚠️ [HOME] Пропущен битый кадр (8/10)
2026-08-07 14:13:03.218 | detector | [96m[14:13:03][0m ⚠️ [HOME] Пропущен битый кадр (9/10)
2026-08-07 14:13:03.270 | detector | [96m[14:13:03][0m ⚠️ [HOME] Пропущен битый кадр (10/10)
2026-08-07 14:13:03.271 | detector | [96m[14:13:03][0m 🔴 [HOME] Слишком много битых кадров! Переподключаюсь...
2026-08-07 14:13:06.160 | detector | [96m[14:13:06][0m 🤖 AI + MOG2 [HOME] Детектор запущен (порог: 10.0%)
2026-08-07 14:13:06.878 | detector | [96m[14:13:06][0m 🔥 [HOME] Прогрев: 5/25
2026-08-07 14:13:08.029 | detector | [96m[14:13:08][0m 🔥 [HOME] Прогрев: 10/25
2026-08-07 14:13:08.399 | detector | [96m[14:13:08][0m 🔥 [HOME] Прогрев: 15/25
2026-08-07 14:13:08.782 | detector | [96m[14:13:08][0m 🔥 [HOME] Прогрев: 20/25
2026-08-07 14:13:09.160 | detector | [96m[14:13:09][0m 🔥 [HOME] Прогрев: 25/25
2026-08-07 14:14:36.681 | detector | [96m[14:14:36][0m ⚠️ [HOME] Пропущен битый кадр (1/10)
2026-08-07 14:14:36.732 | detector | [96m[14:14:36][0m ⚠️ [HOME] Пропущен битый кадр (2/10)
2026-08-07 14:14:36.784 | detector | [96m[14:14:36][0m ⚠️ [HOME] Пропущен битый кадр (3/10)
2026-08-07 14:14:36.842 | detector | [96m[14:14:36][0m ⚠️ [HOME] Пропущен битый кадр (4/10)
2026-08-07 14:14:36.893 | detector | [96m[14:14:36][0m ⚠️ [HOME] Пропущен битый кадр (5/10)
2026-08-07 14:14:36.944 | detector | [96m[14:14:36][0m ⚠️ [HOME] Пропущен битый кадр (6/10)
2026-08-07 14:14:36.996 | detector | [96m[14:14:36][0m ⚠️ [HOME] Пропущен битый кадр (7/10)
2026-08-07 14:14:37.050 | detector | [96m[14:14:37][0m ⚠️ [HOME] Пропущен битый кадр (8/10)
2026-08-07 14:14:37.107 | detector | [96m[14:14:37][0m ⚠️ [HOME] Пропущен битый кадр (9/10)
2026-08-07 14:14:37.158 | detector | [96m[14:14:37][0m ⚠️ [HOME] Пропущен битый кадр (10/10)
2026-08-07 14:14:37.159 | detector | [96m[14:14:37][0m 🔴 [HOME] Слишком много битых кадров! Переподключаюсь...
2026-08-07 14:14:39.713 | detector | [96m[14:14:39][0m 🤖 AI + MOG2 [HOME] Детектор запущен (порог: 10.0%)
2026-08-07 14:14:40.126 | detector | [96m[14:14:40][0m 🔥 [HOME] Прогрев: 5/25
2026-08-07 14:14:40.464 | detector | [96m[14:14:40][0m 🔥 [HOME] Прогрев: 10/25
2026-08-07 14:14:40.809 | detector | [96m[14:14:40][0m 🔥 [HOME] Прогрев: 15/25
2026-08-07 14:14:41.185 | detector | [96m[14:14:41][0m 🔥 [HOME] Прогрев: 20/25
2026-08-07 14:14:41.515 | detector | [96m[14:14:41][0m 🔥 [HOME] Прогрев: 25/25
2026-08-07 14:14:42.246 | detector | [96m[14:14:42][0m [90m👁️ [HOME] MOG2: 3.1% (порог: 10.0%)[0m
2026-08-07 14:14:42.932 | detector | [96m[14:14:42][0m [90m👁️ [HOME] MOG2: 3.1% (порог: 10.0%)[0m
2026-08-07 14:14:43.496 | detector | [96m[14:14:43][0m [90m👁️ [HOME] MOG2: 4.3% (порог: 10.0%)[0m
2026-08-07 14:15:26.675 | detector | [96m[14:15:26][0m ⚠️ [HOME] Пропущен битый кадр (1/10)
2026-08-07 14:15:26.799 | detector | [96m[14:15:26][0m ⚠️ [HOME] Пропущен битый кадр (1/10)
2026-08-07 14:15:26.857 | detector | [96m[14:15:26][0m ⚠️ [HOME] Пропущен битый кадр (2/10)
2026-08-07 14:15:26.947 | detector | [96m[14:15:26][0m ⚠️ [HOME] Пропущен битый кадр (3/10)
2026-08-07 14:15:27.151 | detector | [96m[14:15:27][0m ⚠️ [HOME] Пропущен битый кадр (4/10)
2026-08-07 14:15:27.248 | detector | [96m[14:15:27][0m ⚠️ [HOME] Пропущен битый кадр (5/10)
2026-08-07 14:15:27.309 | detector | [96m[14:15:27][0m ⚠️ [HOME] Пропущен битый кадр (6/10)
2026-08-07 14:15:27.430 | detector | [96m[14:15:27][0m [93m📊 [HOME] MOG2: 44.6% (ПРЕВЫШЕН! 10.0%)[0m
2026-08-07 14:15:29.111 | detector | [96m[14:15:29][0m ⚠️ [HOME] Пропущен битый кадр (1/10)
2026-08-07 14:15:29.261 | detector | [96m[14:15:29][0m ⚠️ [HOME] Пропущен битый кадр (2/10)
2026-08-07 14:15:29.403 | detector | [96m[14:15:29][0m ⚠️ [HOME] Пропущен битый кадр (3/10)
2026-08-07 14:15:29.459 | detector | [96m[14:15:29][0m ⚠️ [HOME] Пропущен битый кадр (4/10)
2026-08-07 14:15:29.547 | detector | [96m[14:15:29][0m [93m📊 [HOME] MOG2: 44.7% (ПРЕВЫШЕН! 10.0%)[0m
2026-08-07 14:15:31.294 | detector | [96m[14:15:31][0m ⚠️ [HOME] Пропущен битый кадр (1/10)
2026-08-07 14:15:31.614 | detector | [96m[14:15:31][0m ⚠️ [HOME] Пропущен битый кадр (2/10)
2026-08-07 14:15:32.145 | detector | [96m[14:15:32][0m [93m📊 [HOME] MOG2: 45.9% (ПРЕВЫШЕН! 10.0%)[0m
2026-08-07 14:16:10.002 | detector | [96m[14:16:10][0m [90m👁️ [HOME] MOG2: 2.3% (порог: 10.0%)[0m
