2026-08-07 13:13:49.431 | streamer | Streamer started
2026-08-07 13:13:49.431 | streamer | Streamer started
2026-08-07 13:17:29.090 | streamer | Streamer started
2026-08-07 13:17:29.091 | streamer | Streamer started
2026-08-07 13:32:47.185 | streamer | Streamer started
2026-08-07 13:32:47.185 | streamer | Streamer started
2026-08-07 13:36:29.140 | streamer | Streamer started
2026-08-07 13:36:29.141 | streamer | Streamer started
2026-08-07 14:12:18.306 | streamer | Streamer started
2026-08-07 14:12:18.307 | streamer | Streamer started
2026-08-07 14:12:18.332 | streamer | [96m[14:12:18][0m [Cameras] 1
2026-08-07 14:12:18.340 | streamer | 🎥 [HOME] Буфер HLS: 10 сегментов по 1 сек = 10 сек
2026-08-07 14:12:18.347 | streamer | 🎥 HLS стрим 'HOME' запущен (буфер 10 сек)
2026-08-07 14:12:18.347 | streamer | [96m[14:12:18][0m 📼 Запуск непрерывной записи для HOME (хранение 2 дн)
2026-08-07 14:12:18.402 | streamer | [96m[14:12:18][0m 📼 Непрерывная запись: HOME (режим: continuous_noai)
2026-08-07 14:12:18.413 | streamer | [96m[14:12:18][0m 📁 Новая HLS папка: recordings\camera_1\2026-08-07\hls_14
2026-08-07 14:12:18.417 | streamer | [96m[14:12:18][0m 🔴 Запись HOME → recordings\camera_1\2026-08-07\hls_14
2026-08-07 14:12:18.492 | streamer | [96m[14:12:18][0m [HLS] Streams: 1
2026-08-07 14:12:18.492 | streamer | [96m[14:12:18][0m [Subscriptions] spartan/+/motion, spartan/+/cmd, spartan/streams/reload
2026-08-07 14:12:18.492 | streamer | [Running] Working... (Ctrl+C to exit)
2026-08-07 14:13:36.330 | streamer | Streamer started
2026-08-07 14:13:36.331 | streamer | Streamer started
2026-08-07 14:13:36.353 | streamer | [96m[14:13:36][0m [Cameras] 1
2026-08-07 14:13:36.365 | streamer | 🎥 [HOME] Буфер HLS: 10 сегментов по 1 сек = 10 сек
2026-08-07 14:13:36.369 | streamer | 🎥 HLS стрим 'HOME' запущен (буфер 10 сек)
2026-08-07 14:13:36.369 | streamer | [96m[14:13:36][0m 📼 Запуск непрерывной записи для HOME (хранение 2 дн)
2026-08-07 14:13:36.389 | streamer | [96m[14:13:36][0m 📼 Непрерывная запись: HOME (режим: continuous_noai)
2026-08-07 14:13:36.399 | streamer | [96m[14:13:36][0m 📁 Новая HLS папка: recordings\camera_1\2026-08-07\hls_14
2026-08-07 14:13:36.405 | streamer | [96m[14:13:36][0m 🔴 Запись HOME → recordings\camera_1\2026-08-07\hls_14
2026-08-07 14:13:36.450 | streamer | [96m[14:13:36][0m [HLS] Streams: 1
2026-08-07 14:13:36.451 | streamer | [96m[14:13:36][0m [Subscriptions] spartan/+/motion, spartan/+/cmd, spartan/streams/reload
2026-08-07 14:13:36.451 | streamer | [Running] Working... (Ctrl+C to exit)
2026-08-07 14:14:51.236 | streamer | Streamer started
2026-08-07 14:14:51.236 | streamer | Streamer started
2026-08-07 14:14:51.275 | streamer | [96m[14:14:51][0m [Cameras] 1
2026-08-07 14:14:51.290 | streamer | 🎥 [HOME] Буфер HLS: 10 сегментов по 1 сек = 10 сек
2026-08-07 14:14:51.295 | streamer | 🎥 HLS стрим 'HOME' запущен (буфер 10 сек)
2026-08-07 14:14:51.296 | streamer | [96m[14:14:51][0m 📼 Запуск непрерывной записи для HOME (хранение 2 дн)
2026-08-07 14:14:51.298 | streamer | [96m[14:14:51][0m 📼 Непрерывная запись: HOME (режим: continuous_noai)
2026-08-07 14:14:51.340 | streamer | [96m[14:14:51][0m 📁 Новая HLS папка: recordings\camera_1\2026-08-07\hls_14
2026-08-07 14:14:51.345 | streamer | [96m[14:14:51][0m 🔴 Запись HOME → recordings\camera_1\2026-08-07\hls_14
2026-08-07 14:14:51.402 | streamer | [96m[14:14:51][0m [HLS] Streams: 1
2026-08-07 14:14:51.402 | streamer | [96m[14:14:51][0m [Subscriptions] spartan/+/motion, spartan/+/cmd, spartan/streams/reload
2026-08-07 14:14:51.402 | streamer | [Running] Working... (Ctrl+C to exit)
