2026-08-07 13:36:35.847 | web_server | Exception on /dashboard [GET]
Traceback (most recent call last):
  File "C:\Users\NIK\AppData\Roaming\Python\Python314\site-packages\flask\app.py", line 1511, in wsgi_app
    response = self.full_dispatch_request()
  File "C:\Users\NIK\AppData\Roaming\Python\Python314\site-packages\flask\app.py", line 919, in full_dispatch_request
    rv = self.handle_user_exception(e)
  File "C:\Users\NIK\AppData\Roaming\Python\Python314\site-packages\flask\app.py", line 917, in full_dispatch_request
    rv = self.dispatch_request()
  File "C:\Users\NIK\AppData\Roaming\Python\Python314\site-packages\flask\app.py", line 902, in dispatch_request
    return self.ensure_sync(self.view_functions[rule.endpoint])(**view_args)  # type: ignore[no-any-return]
           ~~~~~~~~~~~~~~~~~~~~~~~~~~~~~~~~~~~~~~~~~~~~~~~~~~~~^^^^^^^^^^^^^
  File "C:\Users\NIK\AppData\Roaming\Python\Python314\site-packages\flask_login\utils.py", line 284, in decorated_view
    elif not current_user.is_authenticated:
             ^^^^^^^^^^^^^^^^^^^^^^^^^^^^^
  File "C:\Users\NIK\AppData\Roaming\Python\Python314\site-packages\werkzeug\local.py", line 318, in __get__
    obj = instance._get_current_object()
  File "C:\Users\NIK\AppData\Roaming\Python\Python314\site-packages\werkzeug\local.py", line 526, in _get_current_object
    return get_name(local())
                    ~~~~~^^
  File "C:\Users\NIK\AppData\Roaming\Python\Python314\site-packages\flask_login\utils.py", line 25, in <lambda>
    current_user = LocalProxy(lambda: _get_user())
                                      ~~~~~~~~~^^
  File "C:\Users\NIK\AppData\Roaming\Python\Python314\site-packages\flask_login\utils.py", line 370, in _get_user
    current_app.login_manager._load_user()
    ^^^^^^^^^^^^^^^^^^^^^^^^^
AttributeError: 'Flask' object has no attribute 'login_manager'
2026-08-07 14:12:17.286 | web_server | ⏳ Даю 30 сек на старт MQTT-брокеру...
2026-08-07 14:12:17.288 | web_server | ⏳ Даю 60 сек на старт detector...
2026-08-07 14:12:17.290 | web_server | ⏳ Даю 60 сек на старт streamer...
2026-08-07 14:12:18.459 | web_server | ⏳ Даю 60 сек на старт streamer...
2026-08-07 14:12:28.642 | web_server | ⏳ Даю 60 сек на старт detector...
2026-08-07 14:13:22.291 | web_server | ⚠️ streamer недоступен. Проверю через 5 сек...
2026-08-07 14:13:30.300 | web_server | ❌ streamer не отвечает (подтверждено)
2026-08-07 14:13:30.302 | web_server | 🔄 Перезапуск streamer...
2026-08-07 14:13:30.302 | web_server | 🔪 Убиваю streamer (со всеми дочерними)...
2026-08-07 14:13:35.371 | web_server |    ⚠️ Ошибка убийства: Command '['powershell', '-Command', 'Get-CimInstance Win32_Process -Filter "name=\'python.exe\'" | Where-Object { $_.CommandLine -like \'*streamer*\' -and $_.CommandLine -notlike \'*web_server*\' } | Select-Object ProcessId, CommandLine | ConvertTo-Json']' timed out after 5 seconds
2026-08-07 14:13:35.376 | web_server | 🚀 Запускаю streamer...
2026-08-07 14:13:35.379 | web_server | ✅ streamer запущен, даём 60 сек на старт
2026-08-07 14:13:36.425 | web_server | ⏳ Даю 60 сек на старт streamer...
2026-08-07 14:14:07.422 | web_server | ⏳ Streamer стартует... (32с)
2026-08-07 14:14:41.469 | web_server | ⚠️ streamer недоступен. Проверю через 5 сек...
2026-08-07 14:14:48.474 | web_server | ❌ streamer не отвечает (подтверждено)
2026-08-07 14:14:48.475 | web_server | 🔄 Перезапуск streamer...
2026-08-07 14:14:48.475 | web_server | 🔪 Убиваю streamer (со всеми дочерними)...
2026-08-07 14:14:50.202 | web_server |    ✅ Окно терминала закрыто
2026-08-07 14:14:50.202 | web_server | 🚀 Запускаю streamer...
2026-08-07 14:14:50.205 | web_server | ✅ streamer запущен, даём 60 сек на старт
2026-08-07 14:14:51.338 | web_server | ⏳ Даю 60 сек на старт streamer...
2026-08-07 14:15:22.548 | web_server | ⏳ Streamer стартует... (32с)
